apiVersion: v1
data: {}
kind: Secret
metadata:
  annotations: {}
  labels:
    name: exoscale-credentials
  name: exoscale-credentials
stringData:
  EXOSCALE_API_KEY: t-silent-test-1234/c-green-test-1234/exoscale/csi_driver/access_key
  EXOSCALE_API_SECRET: t-silent-test-1234/c-green-test-1234/exoscale/csi_driver/secret_key
type: Opaque
