apiVersion: rbac.authorization.k8s.io/v1
kind: ClusterRoleBinding
metadata:
  name: csi-resizer-role
roleRef:
  apiGroup: rbac.authorization.k8s.io
  kind: ClusterRole
  name: external-resizer
subjects:
- kind: ServiceAccount
  name: exoscale-csi-controller
  namespace: syn-csi-exoscale
