apiVersion: snapshot.storage.k8s.io/v1
deletionPolicy: Delete
driver: csi.exoscale.com
kind: VolumeSnapshotClass
metadata:
  name: exoscale-snapshot
  namespace: syn-csi-exoscale
