apiVersion: v1
kind: ServiceAccount
metadata:
  name: exoscale-csi-node
  namespace: syn-csi-exoscale
