apiVersion: v1
kind: ServiceAccount
metadata:
  name: exoscale-csi-controller
  namespace: syn-csi-exoscale
