apiVersion: rbac.authorization.k8s.io/v1
kind: ClusterRoleBinding
metadata:
  name: exoscale-csi-node-driver
roleRef:
  apiGroup: rbac.authorization.k8s.io
  kind: ClusterRole
  name: exoscale-csi-node-driver
subjects:
- kind: ServiceAccount
  name: exoscale-csi-node
  namespace: syn-csi-exoscale
