apiVersion: rbac.authorization.k8s.io/v1
kind: ClusterRole
metadata:
  name: exoscale-csi-node-driver
  namespace: kube-system
rules:
- apiGroups:
  - ""
  resources:
  - pods
  - nodes
  verbs:
  - get
  - list
  - watch
