apiVersion: rbac.authorization.k8s.io/v1
kind: ClusterRoleBinding
metadata:
  name: exoscale-csi-snapshotter
roleRef:
  apiGroup: rbac.authorization.k8s.io
  kind: ClusterRole
  name: exoscale-csi-snapshotter
subjects:
- kind: ServiceAccount
  name: exoscale-csi-controller
  namespace: syn-csi-exoscale
